\BOOKMARK [1][-]{section.1}{\376\377\000I\000n\000t\000r\000o\000d\000u\000c\000t\000i\000o\000n}{}% 1
\BOOKMARK [1][-]{section.2}{\376\377\000B\000a\000c\000k\000g\000r\000o\000u\000n\000d\000\040\000a\000n\000d\000\040\000R\000e\000l\000a\000t\000e\000d\000\040\000W\000o\000r\000k}{}% 2
\BOOKMARK [2][-]{subsection.2.1}{\376\377\000C\000o\000v\000e\000r\000a\000g\000e\000-\000G\000u\000i\000d\000e\000d\000\040\000G\000r\000e\000y\000b\000o\000x\000\040\000F\000u\000z\000z\000i\000n\000g}{section.2}% 3
\BOOKMARK [2][-]{subsection.2.2}{\376\377\000S\000p\000e\000c\000i\000f\000i\000c\000a\000t\000i\000o\000n\000-\000B\000a\000s\000e\000d\000\040\000A\000P\000I\000\040\000F\000u\000z\000z\000i\000n\000g}{section.2}% 4
\BOOKMARK [2][-]{subsection.2.3}{\376\377\000I\000n\000t\000e\000l\000l\000i\000g\000e\000n\000t\000\040\000A\000P\000I\000\040\000D\000a\000t\000a\000\040\000F\000u\000z\000z\000i\000n\000g}{section.2}% 5
\BOOKMARK [2][-]{subsection.2.4}{\376\377\000O\000t\000h\000e\000r\000\040\000R\000e\000l\000a\000t\000e\000d\000\040\000T\000o\000o\000l\000s}{section.2}% 6
\BOOKMARK [1][-]{section.3}{\376\377\000S\000y\000s\000t\000e\000m\000\040\000A\000r\000c\000h\000i\000t\000e\000c\000t\000u\000r\000e}{}% 7
\BOOKMARK [2][-]{subsection.3.1}{\376\377\000G\000r\000a\000m\000m\000a\000r\000\040\000A\000r\000t\000i\000f\000a\000c\000t\000s\000\040\000a\000n\000d\000\040\000R\000u\000n\000t\000i\000m\000e\000\040\000I\000n\000p\000u\000t\000\040\000M\000o\000d\000e\000l}{section.3}% 8
\BOOKMARK [2][-]{subsection.3.2}{\376\377\000L\000o\000w\000e\000r\000i\000n\000g\000\040\000a\000n\000\040\000E\000n\000d\000p\000o\000i\000n\000t\000\040\000i\000n\000t\000o\000\040\000a\000\040\000R\000u\000n\000t\000i\000m\000e\000\040\000T\000e\000m\000p\000l\000a\000t\000e}{section.3}% 9
\BOOKMARK [1][-]{section.4}{\376\377\000A\000u\000t\000o\000m\000a\000t\000e\000d\000\040\000I\000n\000s\000t\000r\000u\000m\000e\000n\000t\000a\000t\000i\000o\000n\000\040\000P\000i\000p\000e\000l\000i\000n\000e}{}% 10
\BOOKMARK [1][-]{section.5}{\376\377\000S\000e\000m\000a\000n\000t\000i\000c\000\040\000S\000o\000u\000r\000c\000e\000\040\000E\000x\000t\000r\000a\000c\000t\000i\000o\000n}{}% 11
\BOOKMARK [2][-]{subsection.5.1}{\376\377\000M\000o\000t\000i\000v\000a\000t\000i\000o\000n}{section.5}% 12
\BOOKMARK [2][-]{subsection.5.2}{\376\377\000P\000i\000p\000e\000l\000i\000n\000e\000\040\000O\000v\000e\000r\000v\000i\000e\000w}{section.5}% 13
\BOOKMARK [2][-]{subsection.5.3}{\376\377\000O\000p\000e\000n\000A\000P\000I\000\040\000C\000o\000n\000s\000t\000r\000a\000i\000n\000t\000\040\000E\000x\000t\000r\000a\000c\000t\000i\000o\000n}{section.5}% 14
\BOOKMARK [2][-]{subsection.5.4}{\376\377\000C\000\043\000\040\000S\000o\000u\000r\000c\000e\000\040\000C\000o\000d\000e\000\040\000C\000o\000n\000s\000t\000r\000a\000i\000n\000t\000\040\000E\000x\000t\000r\000a\000c\000t\000i\000o\000n}{section.5}% 15
\BOOKMARK [2][-]{subsection.5.5}{\376\377\000B\000o\000u\000n\000d\000a\000r\000y\000\040\000V\000a\000l\000u\000e\000\040\000S\000y\000n\000t\000h\000e\000s\000i\000s}{section.5}% 16
\BOOKMARK [2][-]{subsection.5.6}{\376\377\000F\000r\000o\000m\000\040\000F\000i\000e\000l\000d\000\040\000H\000i\000n\000t\000s\000\040\000t\000o\000\040\000G\000r\000a\000m\000m\000a\000r\000\040\000A\000u\000g\000m\000e\000n\000t\000a\000t\000i\000o\000n}{section.5}% 17
\BOOKMARK [1][-]{section.6}{\376\377\000M\000u\000l\000t\000i\000p\000a\000r\000t\000\040\000G\000r\000a\000m\000m\000a\000r\000\040\000I\000n\000j\000e\000c\000t\000i\000o\000n}{}% 18
\BOOKMARK [1][-]{section.7}{\376\377\000T\000h\000e\000\040\000V\000o\000i\000d\000\040\000E\000x\000e\000c\000u\000t\000i\000o\000n\000\040\000E\000n\000g\000i\000n\000e}{}% 19
\BOOKMARK [2][-]{subsection.7.1}{\376\377\000A\000r\000c\000h\000i\000t\000e\000c\000t\000u\000r\000e\000\040\000O\000v\000e\000r\000v\000i\000e\000w}{section.7}% 20
\BOOKMARK [2][-]{subsection.7.2}{\376\377\000C\000o\000v\000e\000r\000a\000g\000e\000-\000G\000u\000i\000d\000e\000d\000\040\000F\000e\000e\000d\000b\000a\000c\000k\000\040\000L\000o\000o\000p}{section.7}% 21
\BOOKMARK [3][-]{subsubsection.7.2.1}{\376\377\000L\000o\000o\000p\000\040\000O\000v\000e\000r\000v\000i\000e\000w}{subsection.7.2}% 22
\BOOKMARK [3][-]{subsubsection.7.2.2}{\376\377\000P\000s\000e\000u\000d\000o\000c\000o\000d\000e}{subsection.7.2}% 23
\BOOKMARK [3][-]{subsubsection.7.2.3}{\376\377\000S\000c\000h\000e\000d\000u\000l\000i\000n\000g\000\040\000P\000r\000i\000o\000r\000i\000t\000y}{subsection.7.2}% 24
\BOOKMARK [2][-]{subsection.7.3}{\376\377\000F\000r\000o\000m\000\040\000E\000n\000d\000p\000o\000i\000n\000t\000\040\000P\000a\000r\000a\000m\000e\000t\000e\000r\000s\000\040\000t\000o\000\040\000C\000o\000v\000e\000r\000a\000g\000e\000-\000D\000i\000r\000e\000c\000t\000e\000d\000\040\000M\000u\000t\000a\000t\000i\000o\000n}{section.7}% 25
\BOOKMARK [2][-]{subsection.7.4}{\376\377\000A\000d\000a\000p\000t\000i\000v\000e\000\040\000M\000u\000t\000a\000t\000i\000o\000n\000\040\000S\000c\000h\000e\000d\000u\000l\000i\000n\000g\000\040\000\050\000M\000O\000p\000t\000\051}{section.7}% 26
\BOOKMARK [2][-]{subsection.7.5}{\376\377\000S\000t\000r\000u\000c\000t\000u\000r\000e\000d\000\040\000M\000u\000t\000a\000t\000i\000o\000n\000\040\000O\000p\000e\000r\000a\000t\000o\000r\000s}{section.7}% 27
\BOOKMARK [2][-]{subsection.7.6}{\376\377\000S\000h\000a\000r\000p\000F\000u\000z\000z\000\040\000I\000n\000s\000t\000r\000u\000m\000e\000n\000t\000a\000t\000i\000o\000n\000\040\000a\000n\000d\000\040\000C\000o\000v\000e\000r\000a\000g\000e\000\040\000T\000r\000a\000n\000s\000p\000o\000r\000t}{section.7}% 28
\BOOKMARK [2][-]{subsection.7.7}{\376\377\000A\000t\000t\000r\000i\000b\000u\000t\000i\000o\000n\000\040\000A\000c\000c\000u\000r\000a\000c\000y\000:\000\040\000H\000T\000T\000P\000\040\000M\000o\000d\000e\000\040\000v\000s\000.\000\040\000D\000i\000r\000e\000c\000t\000\040\000S\000H\000M\000\040\000M\000o\000d\000e}{section.7}% 29
\BOOKMARK [2][-]{subsection.7.8}{\376\377\000E\000n\000d\000p\000o\000i\000n\000t\000-\000L\000e\000v\000e\000l\000\040\000C\000o\000v\000e\000r\000a\000g\000e\000\040\000S\000t\000a\000t\000i\000s\000t\000i\000c\000s\000\040\000a\000n\000d\000\040\000R\000e\000q\000u\000e\000s\000t\000\040\000P\000r\000i\000o\000r\000i\000t\000i\000z\000a\000t\000i\000o\000n}{section.7}% 30
\BOOKMARK [2][-]{subsection.7.9}{\376\377\000S\000e\000e\000d\000\040\000E\000n\000e\000r\000g\000y\000\040\000a\000n\000d\000\040\000C\000o\000r\000p\000u\000s\000\040\000E\000v\000o\000l\000u\000t\000i\000o\000n}{section.7}% 31
\BOOKMARK [2][-]{subsection.7.10}{\376\377\000C\000a\000m\000p\000a\000i\000g\000n\000\040\000P\000h\000a\000s\000e\000s\000\040\000a\000n\000d\000\040\000A\000d\000a\000p\000t\000i\000v\000e\000\040\000C\000o\000n\000c\000u\000r\000r\000e\000n\000c\000y}{section.7}% 32
\BOOKMARK [2][-]{subsection.7.11}{\376\377\000D\000y\000n\000a\000m\000i\000c\000\040\000V\000a\000l\000u\000e\000\040\000L\000e\000a\000r\000n\000i\000n\000g\000\040\000a\000n\000d\000\040\000S\000t\000a\000t\000e\000f\000u\000l\000\040\000E\000x\000e\000c\000u\000t\000i\000o\000n}{section.7}% 33
\BOOKMARK [2][-]{subsection.7.12}{\376\377\000I\000d\000e\000n\000t\000i\000t\000y\000,\000\040\000S\000e\000s\000s\000i\000o\000n\000,\000\040\000a\000n\000d\000\040\000F\000o\000r\000m\000-\000S\000t\000a\000t\000e\000\040\000H\000a\000n\000d\000l\000i\000n\000g}{section.7}% 34
\BOOKMARK [1][-]{section.8}{\376\377\000E\000v\000a\000l\000u\000a\000t\000i\000o\000n}{}% 35
\BOOKMARK [2][-]{subsection.8.1}{\376\377\000R\000e\000s\000e\000a\000r\000c\000h\000\040\000Q\000u\000e\000s\000t\000i\000o\000n\000s}{section.8}% 36
\BOOKMARK [2][-]{subsection.8.2}{\376\377\000E\000x\000p\000e\000r\000i\000m\000e\000n\000t\000a\000l\000\040\000S\000e\000t\000u\000p}{section.8}% 37
\BOOKMARK [2][-]{subsection.8.3}{\376\377\000R\000e\000s\000u\000l\000t\000s}{section.8}% 38
\BOOKMARK [2][-]{subsection.8.4}{\376\377\000C\000a\000s\000e\000\040\000S\000t\000u\000d\000y\000:\000\040\000N\000u\000l\000l\000\040\000R\000e\000f\000e\000r\000e\000n\000c\000e\000\040\000C\000r\000a\000s\000h\000\040\000i\000n\000\040\000n\000o\000p\000C\000o\000m\000m\000e\000r\000c\000e}{section.8}% 39
\BOOKMARK [1][-]{section.9}{\376\377\000D\000i\000s\000c\000u\000s\000s\000i\000o\000n}{}% 40
\BOOKMARK [1][-]{section.10}{\376\377\000C\000o\000n\000c\000l\000u\000s\000i\000o\000n}{}% 41
\BOOKMARK [1][-]{section*.2}{\376\377\000R\000e\000f\000e\000r\000e\000n\000c\000e\000s}{}% 42
